// Jest Snapshot v1, https://goo.gl/fbAQLP

exports[`matches snapshot of card 1`] = `
<div>
  <div
    class="Card"
  >
    <h4
      class="Card-title"
    >
      Photo by Richard Pasquarella on Unsplash
    </h4>
    <img
      alt="Photo by Richard Pasquarella on Unsplash"
      class="Card-image"
      src="image1.jpg"
    />
    <small
      class="Card-small"
    >
      Image 
       of 
      .
    </small>
  </div>
</div>
`;

exports[`works when you click on the right arrow 1`] = `
<div>
  <div
    class="Card"
  >
    <h4
      class="Card-title"
    >
      Photo by Richard Pasquarella on Unsplash
    </h4>
    <img
      alt="Photo by Richard Pasquarella on Unsplash"
      class="Card-image"
      src="image1.jpg"
    />
    <small
      class="Card-small"
    >
      Image 
       of 
      .
    </small>
  </div>
</div>
`;
